Archive member included to satisfy reference by file (symbol)

c:/program files (x86)/gnu tools arm embedded/9 2019-q4-major/bin/../lib/gcc/arm-none-eabi/9.2.1/thumb/v7-m/nofp\libgcc.a(unwind-arm.o)
                              ./system/src/newlib/_cxx.o (__aeabi_unwind_cpp_pr1)
c:/program files (x86)/gnu tools arm embedded/9 2019-q4-major/bin/../lib/gcc/arm-none-eabi/9.2.1/thumb/v7-m/nofp\libgcc.a(libunwind.o)
                              c:/program files (x86)/gnu tools arm embedded/9 2019-q4-major/bin/../lib/gcc/arm-none-eabi/9.2.1/thumb/v7-m/nofp\libgcc.a(unwind-arm.o) (restore_core_regs)
c:/program files (x86)/gnu tools arm embedded/9 2019-q4-major/bin/../lib/gcc/arm-none-eabi/9.2.1/thumb/v7-m/nofp\libgcc.a(pr-support.o)
                              c:/program files (x86)/gnu tools arm embedded/9 2019-q4-major/bin/../lib/gcc/arm-none-eabi/9.2.1/thumb/v7-m/nofp\libgcc.a(unwind-arm.o) (__gnu_unwind_execute)
c:/program files (x86)/gnu tools arm embedded/9 2019-q4-major/bin/../lib/gcc/arm-none-eabi/9.2.1/../../../../arm-none-eabi/lib/thumb/v7-m/nofp\libg_nano.a(lib_a-errno.o)
                              ./system/src/newlib/_sbrk.o (__errno)
c:/program files (x86)/gnu tools arm embedded/9 2019-q4-major/bin/../lib/gcc/arm-none-eabi/9.2.1/../../../../arm-none-eabi/lib/thumb/v7-m/nofp\libg_nano.a(lib_a-impure.o)
                              c:/program files (x86)/gnu tools arm embedded/9 2019-q4-major/bin/../lib/gcc/arm-none-eabi/9.2.1/../../../../arm-none-eabi/lib/thumb/v7-m/nofp\libg_nano.a(lib_a-errno.o) (_impure_ptr)
c:/program files (x86)/gnu tools arm embedded/9 2019-q4-major/bin/../lib/gcc/arm-none-eabi/9.2.1/../../../../arm-none-eabi/lib/thumb/v7-m/nofp\libg_nano.a(lib_a-init.o)
                              ./system/src/cmsis/startup_stm32f103xb.o (__libc_init_array)
c:/program files (x86)/gnu tools arm embedded/9 2019-q4-major/bin/../lib/gcc/arm-none-eabi/9.2.1/../../../../arm-none-eabi/lib/thumb/v7-m/nofp\libg_nano.a(lib_a-memcpy-stub.o)
                              c:/program files (x86)/gnu tools arm embedded/9 2019-q4-major/bin/../lib/gcc/arm-none-eabi/9.2.1/thumb/v7-m/nofp\libgcc.a(unwind-arm.o) (memcpy)
c:/program files (x86)/gnu tools arm embedded/9 2019-q4-major/bin/../lib/gcc/arm-none-eabi/9.2.1/../../../../arm-none-eabi/lib/thumb/v7-m/nofp\libg_nano.a(lib_a-strlen.o)
                              ./system/src/diag/Trace.o (strlen)
c:/program files (x86)/gnu tools arm embedded/9 2019-q4-major/bin/../lib/gcc/arm-none-eabi/9.2.1/../../../../arm-none-eabi/lib/thumb/v7-m/nofp\libg_nano.a(lib_a-vsnprintf.o)
                              ./system/src/diag/Trace.o (vsnprintf)
c:/program files (x86)/gnu tools arm embedded/9 2019-q4-major/bin/../lib/gcc/arm-none-eabi/9.2.1/../../../../arm-none-eabi/lib/thumb/v7-m/nofp\libg_nano.a(lib_a-nano-svfprintf.o)
                              c:/program files (x86)/gnu tools arm embedded/9 2019-q4-major/bin/../lib/gcc/arm-none-eabi/9.2.1/../../../../arm-none-eabi/lib/thumb/v7-m/nofp\libg_nano.a(lib_a-vsnprintf.o) (_svfprintf_r)
c:/program files (x86)/gnu tools arm embedded/9 2019-q4-major/bin/../lib/gcc/arm-none-eabi/9.2.1/../../../../arm-none-eabi/lib/thumb/v7-m/nofp\libg_nano.a(lib_a-nano-vfprintf_i.o)
                              c:/program files (x86)/gnu tools arm embedded/9 2019-q4-major/bin/../lib/gcc/arm-none-eabi/9.2.1/../../../../arm-none-eabi/lib/thumb/v7-m/nofp\libg_nano.a(lib_a-nano-svfprintf.o) (_printf_i)
c:/program files (x86)/gnu tools arm embedded/9 2019-q4-major/bin/../lib/gcc/arm-none-eabi/9.2.1/../../../../arm-none-eabi/lib/thumb/v7-m/nofp\libg_nano.a(lib_a-memchr-stub.o)
                              c:/program files (x86)/gnu tools arm embedded/9 2019-q4-major/bin/../lib/gcc/arm-none-eabi/9.2.1/../../../../arm-none-eabi/lib/thumb/v7-m/nofp\libg_nano.a(lib_a-nano-svfprintf.o) (memchr)
c:/program files (x86)/gnu tools arm embedded/9 2019-q4-major/bin/../lib/gcc/arm-none-eabi/9.2.1/../../../../arm-none-eabi/lib/thumb/v7-m/nofp\libg_nano.a(lib_a-memmove.o)
                              c:/program files (x86)/gnu tools arm embedded/9 2019-q4-major/bin/../lib/gcc/arm-none-eabi/9.2.1/../../../../arm-none-eabi/lib/thumb/v7-m/nofp\libg_nano.a(lib_a-nano-svfprintf.o) (memmove)
c:/program files (x86)/gnu tools arm embedded/9 2019-q4-major/bin/../lib/gcc/arm-none-eabi/9.2.1/../../../../arm-none-eabi/lib/thumb/v7-m/nofp\libg_nano.a(lib_a-nano-freer.o)
                              c:/program files (x86)/gnu tools arm embedded/9 2019-q4-major/bin/../lib/gcc/arm-none-eabi/9.2.1/../../../../arm-none-eabi/lib/thumb/v7-m/nofp\libg_nano.a(lib_a-nano-svfprintf.o) (_free_r)
c:/program files (x86)/gnu tools arm embedded/9 2019-q4-major/bin/../lib/gcc/arm-none-eabi/9.2.1/../../../../arm-none-eabi/lib/thumb/v7-m/nofp\libg_nano.a(lib_a-nano-mallocr.o)
[...]
Memory Configuration

Name             Origin             Length             Attributes
FLASH            0x08000000         0x00010000         xr
RAM              0x20000000         0x00005000         xrw
CCMRAM           0x10000000         0x00000000         xrw
FLASHB1          0x00000000         0x00000000         xr
EXTMEMB0         0x00000000         0x00000000         xr
EXTMEMB1         0x00000000         0x00000000         xr
EXTMEMB2         0x00000000         0x00000000         xr
EXTMEMB3         0x00000000         0x00000000         xr
*default*        0x00000000         0xffffffff

Linker script and memory map

LOAD ./system/src/stm32f1xx/stm32f1xx_ll_adc.o
LOAD ./system/src/stm32f1xx/stm32f1xx_ll_crc.o
LOAD ./system/src/stm32f1xx/stm32f1xx_ll_dac.o
LOAD ./system/src/stm32f1xx/stm32f1xx_ll_dma.o
LOAD ./system/src/stm32f1xx/stm32f1xx_ll_exti.o
LOAD ./system/src/stm32f1xx/stm32f1xx_ll_gpio.o
LOAD ./system/src/stm32f1xx/stm32f1xx_ll_i2c.o
LOAD ./system/src/stm32f1xx/stm32f1xx_ll_pwr.o
LOAD ./system/src/stm32f1xx/stm32f1xx_ll_rcc.o
LOAD ./system/src/stm32f1xx/stm32f1xx_ll_rtc.o
LOAD ./system/src/stm32f1xx/stm32f1xx_ll_spi.o
LOAD ./system/src/stm32f1xx/stm32f1xx_ll_tim.o
LOAD ./system/src/stm32f1xx/stm32f1xx_ll_usart.o
LOAD ./system/src/stm32f1xx/stm32f1xx_ll_utils.o
LOAD ./system/src/newlib/_cxx.o
LOAD ./system/src/newlib/_exit.o
LOAD ./system/src/newlib/_sbrk.o
LOAD ./system/src/newlib/_startup.o
LOAD ./system/src/newlib/_syscalls.o
LOAD ./system/src/newlib/assert.o
LOAD ./system/src/diag/Trace.o
LOAD ./system/src/diag/trace_impl.o
LOAD ./system/src/cortexm/_initialize_hardware.o
LOAD ./system/src/cortexm/_reset_hardware.o
LOAD ./system/src/cortexm/exception_handlers.o
LOAD ./system/src/cmsis/startup_stm32f103xb.o
LOAD ./system/src/cmsis/system_stm32f1xx.o
LOAD ./system/src/cmsis/vectors_stm32f1xx.o
LOAD ./src/HAL/adc.o
LOAD ./src/HAL/gpio.o
LOAD ./src/HAL/pwm.o
LOAD ./src/HAL/rcc.o
LOAD ./src/HAL/spi.o
LOAD ./src/HAL/stopwatch.o
LOAD ./src/HAL/timer.o
LOAD ./src/HAL/uart.o
LOAD ./src/main.o
LOAD c:/program files (x86)/gnu tools arm embedded/9 2019-q4-major/bin/../lib/gcc/arm-none-eabi/9.2.1/../../../../arm-none-eabi/lib/thumb/v7-m/nofp\libstdc++_nano.a
LOAD c:/program files (x86)/gnu tools arm embedded/9 2019-q4-major/bin/../lib/gcc/arm-none-eabi/9.2.1/../../../../arm-none-eabi/lib/thumb/v7-m/nofp\libm.a
START GROUP
LOAD c:/program files (x86)/gnu tools arm embedded/9 2019-q4-major/bin/../lib/gcc/arm-none-eabi/9.2.1/thumb/v7-m/nofp\libgcc.a
LOAD c:/program files (x86)/gnu tools arm embedded/9 2019-q4-major/bin/../lib/gcc/arm-none-eabi/9.2.1/../../../../arm-none-eabi/lib/thumb/v7-m/nofp\libg_nano.a
LOAD c:/program files (x86)/gnu tools arm embedded/9 2019-q4-major/bin/../lib/gcc/arm-none-eabi/9.2.1/../../../../arm-none-eabi/lib/thumb/v7-m/nofp\libc_nano.a
END GROUP
START GROUP
LOAD c:/program files (x86)/gnu tools arm embedded/9 2019-q4-major/bin/../lib/gcc/arm-none-eabi/9.2.1/thumb/v7-m/nofp\libgcc.a
LOAD c:/program files (x86)/gnu tools arm embedded/9 2019-q4-major/bin/../lib/gcc/arm-none-eabi/9.2.1/../../../../arm-none-eabi/lib/thumb/v7-m/nofp\libc_nano.a
END GROUP
                0x20005000                __stack = (ORIGIN (RAM) + LENGTH (RAM))
                0x20005000                _estack = __stack
                0x00000400                __Main_Stack_Size = 0x400
                [!provide]                PROVIDE (_Main_Stack_Size = __Main_Stack_Size)
                0x20004c00                __Main_Stack_Limit = (__stack - __Main_Stack_Size)
                [!provide]                PROVIDE (_Main_Stack_Limit = __Main_Stack_Limit)
                0x00000100                _Minimum_Stack_Size = 0x100
                0x2000032c                PROVIDE (_Heap_Begin = _end_noinit)
                0x20004c00                PROVIDE (_Heap_Limit = (__stack - __Main_Stack_Size))

.isr_vector     0x08000000      0x36a
 FILL mask 0xff
                0x08000000                __vectors_start = ABSOLUTE (.)
                0x08000000                __vectors_start__ = ABSOLUTE (.)
 *(.isr_vector)
 .isr_vector    0x08000000      0x10c ./system/src/cmsis/startup_stm32f103xb.o
                0x08000000                g_pfnVectors
 .isr_vector    0x0800010c       0x44 ./system/src/cmsis/vectors_stm32f1xx.o
                0x0800010c                __isr_vectors
 *(.cfmconfig)
 *(.after_vectors .after_vectors.*)
 .after_vectors
                0x08000150      0x114 ./system/src/newlib/_startup.o
                0x08000150                _start
 .after_vectors
                0x08000264      0x104 ./system/src/cortexm/exception_handlers.o
                0x08000264                Reset_Handler
                0x0800026a                NMI_Handler
                0x0800026e                HardFault_Handler
                0x08000282                HardFault_Handler_C
                0x080002b8                MemManage_Handler
                0x080002bc                BusFault_Handler
                0x080002d0                BusFault_Handler_C
                0x08000304                UsageFault_Handler
                0x08000318                UsageFault_Handler_C
                0x0800034c                SVC_Handler
                0x08000350                DebugMon_Handler
                0x08000354                PendSV_Handler
 .after_vectors
                0x08000368        0x2 ./system/src/cmsis/vectors_stm32f1xx.o
                0x08000368                DeviceInterrupt_Handler

.inits          0x0800036c       0x28
                0x0800036c                __data_regions_array_start = .
                0x0800036c        0x4 LONG 0x80017f4 LOADADDR (.data)
                0x08000370        0x4 LONG 0x20000000 ADDR (.data)
                0x08000374        0x4 LONG 0x20000078 (ADDR (.data) + SIZEOF (.data))
                0x08000378        0x4 LONG 0x80017f4 LOADADDR (.data_CCMRAM)
                0x0800037c        0x4 LONG 0x10000000 ADDR (.data_CCMRAM)
                0x08000380        0x4 LONG 0x10000000 (ADDR (.data_CCMRAM) + SIZEOF (.data_CCMRAM))
                0x08000384                __data_regions_array_end = .
                0x08000384                __bss_regions_array_start = .
                0x08000384        0x4 LONG 0x20000078 ADDR (.bss)
                0x08000388        0x4 LONG 0x2000032c (ADDR (.bss) + SIZEOF (.bss))
                0x0800038c        0x4 LONG 0x10000000 ADDR (.bss_CCMRAM)
                0x08000390        0x4 LONG 0x10000000 (ADDR (.bss_CCMRAM) + SIZEOF (.bss_CCMRAM))
                0x08000394                __bss_regions_array_end = .
 *(.init)
 *(.fini)
                0x08000394                . = ALIGN (0x4)
                0x08000394                PROVIDE (__preinit_array_start = .)
 *(.preinit_array_sysinit .preinit_array_sysinit.*)
 *(.preinit_array_platform .preinit_array_platform.*)
 *(.preinit_array .preinit_array.*)
                0x08000394                PROVIDE (__preinit_array_end = .)
                0x08000394                . = ALIGN (0x4)
                0x08000394                PROVIDE (__init_array_start = .)
 *(SORT_BY_NAME(.init_array.*))
 *(.init_array)
                0x08000394                PROVIDE (__init_array_end = .)
                0x08000394                . = ALIGN (0x4)
                0x08000394                PROVIDE (__fini_array_start = .)
 *(SORT_BY_NAME(.fini_array.*))
 *(.fini_array)
                0x08000394                PROVIDE (__fini_array_end = .)

.flashtext
 *(.flashtext .flashtext.*)

.text           0x08000394     0x145f
 *(.text .text.*)
 .text.LL_Init1msTick
                0x08000394       0x20 ./system/src/stm32f1xx/stm32f1xx_ll_utils.o
                0x08000394                LL_Init1msTick
 .text.LL_mDelay
                0x080003b4       0x2c ./system/src/stm32f1xx/stm32f1xx_ll_utils.o
                0x080003b4                LL_mDelay
 .text.LL_SetSystemCoreClock
                0x080003e0        0xc ./system/src/stm32f1xx/stm32f1xx_ll_utils.o
                0x080003e0                LL_SetSystemCoreClock
 .text._exit    0x080003ec        0x2 ./system/src/newlib/_exit.o
                0x080003ec                _exit
 *fill*         0x080003ee        0x2 
 .text._sbrk    0x080003f0       0x44 ./system/src/newlib/_sbrk.o
                0x080003f0                _sbrk
 .text.__initialize_args
                0x08000434       0x10 ./system/src/newlib/_syscalls.o
                0x08000434                __initialize_args
 .text.trace_printf
                0x08000444       0x34 ./system/src/diag/Trace.o
                0x08000444                trace_printf
 .text.trace_write
                0x08000478        0x6 ./system/src/diag/trace_impl.o
                0x08000478                trace_write
 *fill*         0x0800047e        0x2 
 .text.__initialize_hardware_early
                0x08000480       0x18 ./system/src/cortexm/_initialize_hardware.o
                0x08000480                __initialize_hardware_early
 .text.__initialize_hardware
                0x08000498        0x8 ./system/src/cortexm/_initialize_hardware.o
                0x08000498                __initialize_hardware
 .text.dumpExceptionStack
                0x080004a0       0xf4 ./system/src/cortexm/exception_handlers.o
                0x080004a0                dumpExceptionStack
 .text.Default_Handler
                0x08000594        0x2 ./system/src/cmsis/startup_stm32f103xb.o
                0x08000594                RTC_Alarm_IRQHandler
                0x08000594                EXTI2_IRQHandler
                0x08000594                TIM1_CC_IRQHandler
                0x08000594                PVD_IRQHandler
                0x08000594                EXTI3_IRQHandler
                0x08000594                EXTI0_IRQHandler
                0x08000594                I2C2_EV_IRQHandler
                0x08000594                ADC1_2_IRQHandler
                0x08000594                SPI1_IRQHandler
                0x08000594                TAMPER_IRQHandler
                0x08000594                DMA1_Channel4_IRQHandler
                0x08000594                USART3_IRQHandler
                0x08000594                RTC_IRQHandler
                0x08000594                DMA1_Channel7_IRQHandler
                0x08000594                CAN1_RX1_IRQHandler
                0x08000594                TIM4_IRQHandler
                0x08000594                I2C1_EV_IRQHandler
                0x08000594                DMA1_Channel6_IRQHandler
                0x08000594                TIM3_IRQHandler
                0x08000594                RCC_IRQHandler
                0x08000594                TIM1_TRG_COM_IRQHandler
                0x08000594                DMA1_Channel1_IRQHandler
                0x08000594                Default_Handler
                0x08000594                EXTI15_10_IRQHandler
                0x08000594                EXTI9_5_IRQHandler
                0x08000594                SPI2_IRQHandler
                0x08000594                DMA1_Channel5_IRQHandler
                0x08000594                EXTI4_IRQHandler
                0x08000594                USB_LP_CAN1_RX0_IRQHandler
                0x08000594                USB_HP_CAN1_TX_IRQHandler
                0x08000594                DMA1_Channel3_IRQHandler
                0x08000594                WWDG_IRQHandler
                0x08000594                TIM1_BRK_IRQHandler
                0x08000594                EXTI1_IRQHandler
                0x08000594                USART2_IRQHandler
                0x08000594                I2C2_ER_IRQHandler
                0x08000594                DMA1_Channel2_IRQHandler
                0x08000594                CAN1_SCE_IRQHandler
                0x08000594                FLASH_IRQHandler
                0x08000594                I2C1_ER_IRQHandler
                0x08000594                USBWakeUp_IRQHandler
 *fill*         0x08000596        0x2 
 .text.SystemInit
                0x08000598       0x4c ./system/src/cmsis/system_stm32f1xx.o
                0x08000598                SystemInit
 .text.SystemCoreClockUpdate
                0x080005e4       0x94 ./system/src/cmsis/system_stm32f1xx.o
                0x080005e4                SystemCoreClockUpdate
 .text.ADC1Init
                0x08000678       0xd4 ./src/HAL/adc.o
                0x08000678                ADC1Init
 .text.GPIOSetPinMode
                0x0800074c       0x54 ./src/HAL/gpio.o
                0x0800074c                GPIOSetPinMode
 .text.GPIOWrite
                0x080007a0       0x3c ./src/HAL/gpio.o
                0x080007a0                GPIOWrite
 .text.GPIOInit
                0x080007dc      0x17c ./src/HAL/gpio.o
                0x080007dc                GPIOInit
 .text.TIM1_UP_IRQHandler
                0x08000958       0x18 ./src/HAL/pwm.o
                0x08000958                TIM1_UP_IRQHandler
 .text.TIM2_IRQHandler
                0x08000970       0x34 ./src/HAL/pwm.o
                0x08000970                TIM2_IRQHandler
 .text.SystemClockInit
                0x080009a4       0xb0 ./src/HAL/rcc.o
                0x080009a4                SystemClockInit
 .text.SystemTickInit
                0x08000a54       0x1c ./src/HAL/rcc.o
                0x08000a54                SystemTickInit
 .text.Delay    0x08000a70        0x8 ./src/HAL/rcc.o
                0x08000a70                Delay
 .text.SysTick_Handler
                0x08000a78       0x10 ./src/HAL/rcc.o
                0x08000a78                SysTick_Handler
 .text.UART1Init
                0x08000a88      0x1b8 ./src/HAL/uart.o
                0x08000a88                UART1Init
 .text.USART1_IRQHandler
                0x08000c40       0xc0 ./src/HAL/uart.o
                0x08000c40                USART1_IRQHandler
 .text.main     0x08000d00       0x4c ./src/main.o
                0x08000d00                main
 .text.__errno  0x08000d4c        0xc c:/program files (x86)/gnu tools arm embedded/9 2019-q4-major/bin/../lib/gcc/arm-none-eabi/9.2.1/../../../../arm-none-eabi/lib/thumb/v7-m/nofp\libg_nano.a(lib_a-errno.o)
                0x08000d4c                __errno
 .text.memcpy   0x08000d58       0x1c c:/program files (x86)/gnu tools arm embedded/9 2019-q4-major/bin/../lib/gcc/arm-none-eabi/9.2.1/../../../../arm-none-eabi/lib/thumb/v7-m/nofp\libg_nano.a(lib_a-memcpy-stub.o)
                0x08000d58                memcpy
 .text._vsnprintf_r
                0x08000d74       0x58 c:/program files (x86)/gnu tools arm embedded/9 2019-q4-major/bin/../lib/gcc/arm-none-eabi/9.2.1/../../../../arm-none-eabi/lib/thumb/v7-m/nofp\libg_nano.a(lib_a-vsnprintf.o)
                0x08000d74                _vsniprintf_r
                0x08000d74                _vsnprintf_r
 .text.vsnprintf
                0x08000dcc       0x1c c:/program files (x86)/gnu tools arm embedded/9 2019-q4-major/bin/../lib/gcc/arm-none-eabi/9.2.1/../../../../arm-none-eabi/lib/thumb/v7-m/nofp\libg_nano.a(lib_a-vsnprintf.o)
                0x08000dcc                vsniprintf
                0x08000dcc                vsnprintf
 .text.__ssputs_r
                0x08000de8       0xb6 c:/program files (x86)/gnu tools arm embedded/9 2019-q4-major/bin/../lib/gcc/arm-none-eabi/9.2.1/../../../../arm-none-eabi/lib/thumb/v7-m/nofp\libg_nano.a(lib_a-nano-svfprintf.o)
                0x08000de8                __ssputs_r
 *fill*         0x08000e9e        0x2 
 .text._svfprintf_r
                0x08000ea0      0x200 c:/program files (x86)/gnu tools arm embedded/9 2019-q4-major/bin/../lib/gcc/arm-none-eabi/9.2.1/../../../../arm-none-eabi/lib/thumb/v7-m/nofp\libg_nano.a(lib_a-nano-svfprintf.o)
                0x08000ea0                _svfiprintf_r
                0x08000ea0                _svfprintf_r
 .text._printf_common
                0x080010a0       0xde c:/program files (x86)/gnu tools arm embedded/9 2019-q4-major/bin/../lib/gcc/arm-none-eabi/9.2.1/../../../../arm-none-eabi/lib/thumb/v7-m/nofp\libg_nano.a(lib_a-nano-vfprintf_i.o)
                0x080010a0                _printf_common
 *fill*         0x0800117e        0x2 
 .text._printf_i
                0x08001180      0x24c c:/program files (x86)/gnu tools arm embedded/9 2019-q4-major/bin/../lib/gcc/arm-none-eabi/9.2.1/../../../../arm-none-eabi/lib/thumb/v7-m/nofp\libg_nano.a(lib_a-nano-vfprintf_i.o)
                0x08001180                _printf_i
 .text.memchr   0x080013cc       0x1c c:/program files (x86)/gnu tools arm embedded/9 2019-q4-major/bin/../lib/gcc/arm-none-eabi/9.2.1/../../../../arm-none-eabi/lib/thumb/v7-m/nofp\libg_nano.a(lib_a-memchr-stub.o)
                0x080013cc                memchr
 .text.memmove  0x080013e8       0x34 c:/program files (x86)/gnu tools arm embedded/9 2019-q4-major/bin/../lib/gcc/arm-none-eabi/9.2.1/../../../../arm-none-eabi/lib/thumb/v7-m/nofp\libg_nano.a(lib_a-memmove.o)
                0x080013e8                memmove
 .text._free_r  0x0800141c       0x98 c:/program files (x86)/gnu tools arm embedded/9 2019-q4-major/bin/../lib/gcc/arm-none-eabi/9.2.1/../../../../arm-none-eabi/lib/thumb/v7-m/nofp\libg_nano.a(lib_a-nano-freer.o)
                0x0800141c                _free_r
 .text._malloc_r
                0x080014b4       0xb4 c:/program files (x86)/gnu tools arm embedded/9 2019-q4-major/bin/../lib/gcc/arm-none-eabi/9.2.1/../../../../arm-none-eabi/lib/thumb/v7-m/nofp\libg_nano.a(lib_a-nano-mallocr.o)
                0x080014b4                _malloc_r
 .text._realloc_r
                0x08001568       0x4c c:/program files (x86)/gnu tools arm embedded/9 2019-q4-major/bin/../lib/gcc/arm-none-eabi/9.2.1/../../../../arm-none-eabi/lib/thumb/v7-m/nofp\libg_nano.a(lib_a-nano-reallocr.o)
                0x08001568                _realloc_r
 .text._sbrk_r  0x080015b4       0x20 c:/program files (x86)/gnu tools arm embedded/9 2019-q4-major/bin/../lib/gcc/arm-none-eabi/9.2.1/../../../../arm-none-eabi/lib/thumb/v7-m/nofp\libg_nano.a(lib_a-sbrkr.o)
                0x080015b4                _sbrk_r
 .text.__malloc_lock
                0x080015d4        0xc c:/program files (x86)/gnu tools arm embedded/9 2019-q4-major/bin/../lib/gcc/arm-none-eabi/9.2.1/../../../../arm-none-eabi/lib/thumb/v7-m/nofp\libg_nano.a(lib_a-mlock.o)
                0x080015d4                __malloc_lock
 .text.__malloc_unlock
                0x080015e0        0xc c:/program files (x86)/gnu tools arm embedded/9 2019-q4-major/bin/../lib/gcc/arm-none-eabi/9.2.1/../../../../arm-none-eabi/lib/thumb/v7-m/nofp\libg_nano.a(lib_a-mlock.o)
                0x080015e0                __malloc_unlock
 .text._malloc_usable_size_r
                0x080015ec       0x10 c:/program files (x86)/gnu tools arm embedded/9 2019-q4-major/bin/../lib/gcc/arm-none-eabi/9.2.1/../../../../arm-none-eabi/lib/thumb/v7-m/nofp\libg_nano.a(lib_a-nano-msizer.o)
                0x080015ec                _malloc_usable_size_r
 .text.__retarget_lock_acquire_recursive
                0x080015fc        0x2 c:/program files (x86)/gnu tools arm embedded/9 2019-q4-major/bin/../lib/gcc/arm-none-eabi/9.2.1/../../../../arm-none-eabi/lib/thumb/v7-m/nofp\libg_nano.a(lib_a-lock.o)
                0x080015fc                __retarget_lock_acquire_recursive
 .text.__retarget_lock_release_recursive
                0x080015fe        0x2 c:/program files (x86)/gnu tools arm embedded/9 2019-q4-major/bin/../lib/gcc/arm-none-eabi/9.2.1/../../../../arm-none-eabi/lib/thumb/v7-m/nofp\libg_nano.a(lib_a-lock.o)
                0x080015fe                __retarget_lock_release_recursive
 *(.rodata .rodata.* .constdata .constdata.*)
 .rodata.dumpExceptionStack.str1.4
                0x08001600      0x11a ./system/src/cortexm/exception_handlers.o
 *fill*         0x0800171a        0x2 
 .rodata.str1.4
                0x0800171c       0x2a ./system/src/cortexm/exception_handlers.o
 *fill*         0x08001746        0x2 
 .rodata.AHBPrescTable
                0x08001748       0x10 ./system/src/cmsis/system_stm32f1xx.o
                0x08001748                AHBPrescTable
 .rodata.gpioOutputMode
                0x08001758       0x14 ./src/HAL/gpio.o
 .rodata.gpioPins
                0x0800176c       0x40 ./src/HAL/gpio.o
 .rodata.gpioPorts
                0x080017ac       0x14 ./src/HAL/gpio.o
 .rodata._svfprintf_r.str1.1
                0x080017c0       0x11 c:/program files (x86)/gnu tools arm embedded/9 2019-q4-major/bin/../lib/gcc/arm-none-eabi/9.2.1/../../../../arm-none-eabi/lib/thumb/v7-m/nofp\libg_nano.a(lib_a-nano-svfprintf.o)
 .rodata._printf_i.str1.1
                0x080017d1       0x22 c:/program files (x86)/gnu tools arm embedded/9 2019-q4-major/bin/../lib/gcc/arm-none-eabi/9.2.1/../../../../arm-none-eabi/lib/thumb/v7-m/nofp\libg_nano.a(lib_a-nano-vfprintf_i.o)
 *(vtable)
 *(.eh_frame*)
 *(.glue_7)
 .glue_7        0x080017f3        0x0 linker stubs
 *(.glue_7t)
 .glue_7t       0x080017f3        0x0 linker stubs

.vfp11_veneer   0x080017f4        0x0
 .vfp11_veneer  0x080017f4        0x0 linker stubs

.v4_bx          0x080017f4        0x0
 .v4_bx         0x080017f4        0x0 linker stubs

.iplt           0x080017f4        0x0
 .iplt          0x080017f4        0x0 ./system/src/stm32f1xx/stm32f1xx_ll_utils.o

.rel.dyn        0x080017f4        0x0
 .rel.iplt      0x080017f4        0x0 ./system/src/stm32f1xx/stm32f1xx_ll_utils.o

.ARM.extab
 *(.ARM.extab* .gnu.linkonce.armextab.*)
                0x080017f4                . = ALIGN (0x4)
                0x080017f4                __exidx_start = .

.ARM.exidx
 *(.ARM.exidx* .gnu.linkonce.armexidx.*)
                0x080017f4                __exidx_end = .
                0x080017f4                . = ALIGN (0x4)
                0x080017f4                _etext = .
                0x080017f4                __etext = .

.data_CCMRAM    0x10000000        0x0 load address 0x080017f4
 FILL mask 0xff
 *(.data.CCMRAM .data.CCMRAM.*)
                0x10000000                . = ALIGN (0x4)
                0x080017f4                _sidata = LOADADDR (.data)

.data           0x20000000       0x78 load address 0x080017f4
 FILL mask 0xff
                0x20000000                _sdata = .
                0x20000000                __data_start__ = .
 *(.data_begin .data_begin.*)
 .data_begin    0x20000000        0x4 ./system/src/newlib/_startup.o
 *(.data .data.*)
 .data.argv.4354
                0x20000004        0x8 ./system/src/newlib/_syscalls.o
 .data.SystemCoreClock
                0x2000000c        0x4 ./system/src/cmsis/system_stm32f1xx.o
                0x2000000c                SystemCoreClock
 .data._impure_ptr
                0x20000010        0x4 c:/program files (x86)/gnu tools arm embedded/9 2019-q4-major/bin/../lib/gcc/arm-none-eabi/9.2.1/../../../../arm-none-eabi/lib/thumb/v7-m/nofp\libg_nano.a(lib_a-impure.o)
                0x20000010                _impure_ptr
 .data.impure_data
                0x20000014       0x60 c:/program files (x86)/gnu tools arm embedded/9 2019-q4-major/bin/../lib/gcc/arm-none-eabi/9.2.1/../../../../arm-none-eabi/lib/thumb/v7-m/nofp\libg_nano.a(lib_a-impure.o)
 *(.data_end .data_end.*)
 .data_end      0x20000074        0x4 ./system/src/newlib/_startup.o
                0x20000078                . = ALIGN (0x4)
                0x20000078                _edata = .
                0x20000078                __data_end__ = .

.igot.plt       0x20000078        0x0 load address 0x0800186c
 .igot.plt      0x20000078        0x0 ./system/src/stm32f1xx/stm32f1xx_ll_utils.o

.bss_CCMRAM     0x10000000        0x0
 *(.bss.CCMRAM .bss.CCMRAM.*)

.bss            0x20000078      0x2b4
                0x20000078                __bss_start__ = .
                0x20000078                _sbss = .
 *(.bss_begin .bss_begin.*)
 .bss_begin     0x20000078        0x4 ./system/src/newlib/_startup.o
 *(.bss .bss.*)
 .bss.current_heap_end.3984
                0x2000007c        0x4 ./system/src/newlib/_sbrk.o
 .bss.name.4353
                0x20000080        0x1 ./system/src/newlib/_syscalls.o
 *fill*         0x20000081        0x3 
 .bss.buf.5228  0x20000084       0x80 ./system/src/diag/Trace.o
 .bss.pin       0x20000104        0x1 ./src/HAL/pwm.o
                0x20000104                pin
 *fill*         0x20000105        0x3 
 .bss.sysTickCnt
                0x20000108        0x4 ./src/HAL/rcc.o
                0x20000108                sysTickCnt
 .bss.__malloc_free_list
                0x2000010c        0x4 c:/program files (x86)/gnu tools arm embedded/9 2019-q4-major/bin/../lib/gcc/arm-none-eabi/9.2.1/../../../../arm-none-eabi/lib/thumb/v7-m/nofp\libg_nano.a(lib_a-nano-mallocr.o)
                0x2000010c                __malloc_free_list
 .bss.__malloc_sbrk_start
                0x20000110        0x4 c:/program files (x86)/gnu tools arm embedded/9 2019-q4-major/bin/../lib/gcc/arm-none-eabi/9.2.1/../../../../arm-none-eabi/lib/thumb/v7-m/nofp\libg_nano.a(lib_a-nano-mallocr.o)
                0x20000110                __malloc_sbrk_start
 *(COMMON)
 COMMON         0x20000114        0x4 ./system/src/newlib/_syscalls.o
                0x20000114                errno
 COMMON         0x20000118      0x207 ./src/HAL/uart.o
                0x20000118                uart1TXBufferIndex
                0x2000011a                uart1RXBufferLength
                0x2000011c                uart1RXBufferIndex
                0x2000011e                uart1TXBufferLength
                0x20000120                uart1RXBuffer
                0x20000220                uart1TXBuffer
 COMMON         0x2000031f        0x9 c:/program files (x86)/gnu tools arm embedded/9 2019-q4-major/bin/../lib/gcc/arm-none-eabi/9.2.1/../../../../arm-none-eabi/lib/thumb/v7-m/nofp\libg_nano.a(lib_a-lock.o)
                0x2000031f                __lock___atexit_recursive_mutex
                0x20000320                __lock___arc4random_mutex
                0x20000321                __lock___env_recursive_mutex
                0x20000322                __lock___sinit_recursive_mutex
                0x20000323                __lock___malloc_recursive_mutex
                0x20000324                __lock___at_quick_exit_mutex
                0x20000325                __lock___dd_hash_mutex
                0x20000326                __lock___tz_mutex
                0x20000327                __lock___sfp_recursive_mutex
 *(.bss_end .bss_end.*)
 .bss_end       0x20000328        0x4 ./system/src/newlib/_startup.o
                0x2000032c                . = ALIGN (0x4)
                0x2000032c                __bss_end__ = .
                0x2000032c                _ebss = .

.noinit_CCMRAM
 *(.noinit.CCMRAM .noinit.CCMRAM.*)

.noinit         0x2000032c        0x0
                0x2000032c                _noinit = .
 *(.noinit .noinit.*)
                0x2000032c                . = ALIGN (0x4)
                0x2000032c                _end_noinit = .
                [!provide]                PROVIDE (end = _end_noinit)
                [!provide]                PROVIDE (_end = _end_noinit)
                [!provide]                PROVIDE (__end = _end_noinit)
                [!provide]                PROVIDE (__end__ = _end_noinit)

._check_stack   0x2000032c      0x100
                0x2000042c                . = (. + _Minimum_Stack_Size)
 *fill*         0x2000032c      0x100 

.b1text
 *(.b1text)
 *(.b1rodata)
 *(.b1rodata.*)

.eb0text
 *(.eb0text)
 *(.eb0rodata)
 *(.eb0rodata.*)

.eb1text
 *(.eb1text)
 *(.eb1rodata)
 *(.eb1rodata.*)

.eb2text
 *(.eb2text)
 *(.eb2rodata)
 *(.eb2rodata.*)

.eb3text
 *(.eb3text)
 *(.eb3rodata)
 *(.eb3rodata.*)

.stab
 *(.stab)

.stabstr
 *(.stabstr)

.stab.excl
 *(.stab.excl)

.stab.exclstr
 *(.stab.exclstr)

.stab.index
 *(.stab.index)

.stab.indexstr
 *(.stab.indexstr)

.comment        0x00000000       0x79
 *(.comment)
 .comment       0x00000000       0x79 ./system/src/stm32f1xx/stm32f1xx_ll_utils.o
                                 0x7a (size before relaxing)
 .comment       0x00000079       0x7a ./system/src/newlib/_exit.o
 .comment       0x00000079       0x7a ./system/src/newlib/_sbrk.o
 .comment       0x00000079       0x7a ./system/src/newlib/_startup.o
 .comment       0x00000079       0x7a ./system/src/newlib/_syscalls.o
 .comment       0x00000079       0x7a ./system/src/diag/Trace.o
 .comment       0x00000079       0x7a ./system/src/diag/trace_impl.o
 .comment       0x00000079       0x7a ./system/src/cortexm/_initialize_hardware.o
 .comment       0x00000079       0x7a ./system/src/cortexm/exception_handlers.o
 .comment       0x00000079       0x7a ./system/src/cmsis/system_stm32f1xx.o
 .comment       0x00000079       0x7a ./system/src/cmsis/vectors_stm32f1xx.o
 .comment       0x00000079       0x7a ./src/HAL/adc.o
 .comment       0x00000079       0x7a ./src/HAL/gpio.o
 .comment       0x00000079       0x7a ./src/HAL/pwm.o
 .comment       0x00000079       0x7a ./src/HAL/rcc.o
 .comment       0x00000079       0x7a ./src/HAL/uart.o
 .comment       0x00000079       0x7a ./src/main.o

.ARM.attributes
                0x00000000       0x31
 .ARM.attributes
                0x00000000       0x2d ./system/src/stm32f1xx/stm32f1xx_ll_utils.o
 .ARM.attributes
                0x0000002d       0x2d ./system/src/newlib/_exit.o
 .ARM.attributes
                0x0000005a       0x2d ./system/src/newlib/_sbrk.o
 .ARM.attributes
                0x00000087       0x2d ./system/src/newlib/_startup.o
 .ARM.attributes
                0x000000b4       0x2d ./system/src/newlib/_syscalls.o
 .ARM.attributes
                0x000000e1       0x2d ./system/src/diag/Trace.o
 .ARM.attributes
                0x0000010e       0x2d ./system/src/diag/trace_impl.o
 .ARM.attributes
                0x0000013b       0x2d ./system/src/cortexm/_initialize_hardware.o
 .ARM.attributes
                0x00000168       0x2d ./system/src/cortexm/exception_handlers.o
 .ARM.attributes
                0x00000195       0x21 ./system/src/cmsis/startup_stm32f103xb.o
 .ARM.attributes
                0x000001b6       0x2d ./system/src/cmsis/system_stm32f1xx.o
 .ARM.attributes
                0x000001e3       0x2d ./system/src/cmsis/vectors_stm32f1xx.o
 .ARM.attributes
                0x00000210       0x2d ./src/HAL/adc.o
 .ARM.attributes
                0x0000023d       0x2d ./src/HAL/gpio.o
 .ARM.attributes
                0x0000026a       0x2d ./src/HAL/pwm.o
 .ARM.attributes
                0x00000297       0x2d ./src/HAL/rcc.o
 .ARM.attributes
                0x000002c4       0x2d ./src/HAL/uart.o
 .ARM.attributes
                0x000002f1       0x2d ./src/main.o
 .ARM.attributes
                0x0000031e       0x2d c:/program files (x86)/gnu tools arm embedded/9 2019-q4-major/bin/../lib/gcc/arm-none-eabi/9.2.1/../../../../arm-none-eabi/lib/thumb/v7-m/nofp\libg_nano.a(lib_a-errno.o)
 .ARM.attributes
                0x0000034b       0x2d c:/program files (x86)/gnu tools arm embedded/9 2019-q4-major/bin/../lib/gcc/arm-none-eabi/9.2.1/../../../../arm-none-eabi/lib/thumb/v7-m/nofp\libg_nano.a(lib_a-impure.o)
 .ARM.attributes
                0x00000378       0x2d c:/program files (x86)/gnu tools arm embedded/9 2019-q4-major/bin/../lib/gcc/arm-none-eabi/9.2.1/../../../../arm-none-eabi/lib/thumb/v7-m/nofp\libg_nano.a(lib_a-memcpy-stub.o)
 .ARM.attributes
                0x000003a5       0x2d c:/program files (x86)/gnu tools arm embedded/9 2019-q4-major/bin/../lib/gcc/arm-none-eabi/9.2.1/../../../../arm-none-eabi/lib/thumb/v7-m/nofp\libg_nano.a(lib_a-vsnprintf.o)
 .ARM.attributes
                0x000003d2       0x2d c:/program files (x86)/gnu tools arm embedded/9 2019-q4-major/bin/../lib/gcc/arm-none-eabi/9.2.1/../../../../arm-none-eabi/lib/thumb/v7-m/nofp\libg_nano.a(lib_a-nano-svfprintf.o)
 .ARM.attributes
                0x000003ff       0x2d c:/program files (x86)/gnu tools arm embedded/9 2019-q4-major/bin/../lib/gcc/arm-none-eabi/9.2.1/../../../../arm-none-eabi/lib/thumb/v7-m/nofp\libg_nano.a(lib_a-nano-vfprintf_i.o)
 .ARM.attributes
                0x0000042c       0x2d c:/program files (x86)/gnu tools arm embedded/9 2019-q4-major/bin/../lib/gcc/arm-none-eabi/9.2.1/../../../../arm-none-eabi/lib/thumb/v7-m/nofp\libg_nano.a(lib_a-memchr-stub.o)
 .ARM.attributes
                0x00000459       0x2d c:/program files (x86)/gnu tools arm embedded/9 2019-q4-major/bin/../lib/gcc/arm-none-eabi/9.2.1/../../../../arm-none-eabi/lib/thumb/v7-m/nofp\libg_nano.a(lib_a-memmove.o)
 .ARM.attributes
                0x00000486       0x2d c:/program files (x86)/gnu tools arm embedded/9 2019-q4-major/bin/../lib/gcc/arm-none-eabi/9.2.1/../../../../arm-none-eabi/lib/thumb/v7-m/nofp\libg_nano.a(lib_a-nano-freer.o)
 .ARM.attributes
                0x000004b3       0x2d c:/program files (x86)/gnu tools arm embedded/9 2019-q4-major/bin/../lib/gcc/arm-none-eabi/9.2.1/../../../../arm-none-eabi/lib/thumb/v7-m/nofp\libg_nano.a(lib_a-nano-mallocr.o)
 .ARM.attributes
                0x000004e0       0x2d c:/program files (x86)/gnu tools arm embedded/9 2019-q4-major/bin/../lib/gcc/arm-none-eabi/9.2.1/../../../../arm-none-eabi/lib/thumb/v7-m/nofp\libg_nano.a(lib_a-nano-reallocr.o)
 .ARM.attributes
                0x0000050d       0x2d c:/program files (x86)/gnu tools arm embedded/9 2019-q4-major/bin/../lib/gcc/arm-none-eabi/9.2.1/../../../../arm-none-eabi/lib/thumb/v7-m/nofp\libg_nano.a(lib_a-sbrkr.o)
 .ARM.attributes
                0x0000053a       0x2d c:/program files (x86)/gnu tools arm embedded/9 2019-q4-major/bin/../lib/gcc/arm-none-eabi/9.2.1/../../../../arm-none-eabi/lib/thumb/v7-m/nofp\libg_nano.a(lib_a-mlock.o)
 .ARM.attributes
                0x00000567       0x2d c:/program files (x86)/gnu tools arm embedded/9 2019-q4-major/bin/../lib/gcc/arm-none-eabi/9.2.1/../../../../arm-none-eabi/lib/thumb/v7-m/nofp\libg_nano.a(lib_a-nano-msizer.o)
 .ARM.attributes
                0x00000594       0x2d c:/program files (x86)/gnu tools arm embedded/9 2019-q4-major/bin/../lib/gcc/arm-none-eabi/9.2.1/../../../../arm-none-eabi/lib/thumb/v7-m/nofp\libg_nano.a(lib_a-lock.o)

.debug
 *(.debug)

.line
 *(.line)

.debug_srcinfo
 *(.debug_srcinfo)

.debug_sfnames
 *(.debug_sfnames)

.debug_aranges  0x00000000      0x400
 *(.debug_aranges)
 .debug_aranges
                0x00000000       0x60 ./system/src/stm32f1xx/stm32f1xx_ll_utils.o
 .debug_aranges
                0x00000060       0x28 ./system/src/newlib/_exit.o
 .debug_aranges
                0x00000088       0x20 ./system/src/newlib/_sbrk.o
 .debug_aranges
                0x000000a8       0x40 ./system/src/newlib/_startup.o
 .debug_aranges
                0x000000e8       0x30 ./system/src/newlib/_syscalls.o
 .debug_aranges
                0x00000118       0x38 ./system/src/diag/Trace.o
 .debug_aranges
                0x00000150       0x28 ./system/src/diag/trace_impl.o
 .debug_aranges
                0x00000178       0x28 ./system/src/cortexm/_initialize_hardware.o
 .debug_aranges
                0x000001a0       0x88 ./system/src/cortexm/exception_handlers.o
 .debug_aranges
                0x00000228       0x28 ./system/src/cmsis/startup_stm32f103xb.o
 .debug_aranges
                0x00000250       0x28 ./system/src/cmsis/system_stm32f1xx.o
 .debug_aranges
                0x00000278       0x20 ./system/src/cmsis/vectors_stm32f1xx.o
 .debug_aranges
                0x00000298       0x28 ./src/HAL/adc.o
 .debug_aranges
                0x000002c0       0x38 ./src/HAL/gpio.o
 .debug_aranges
                0x000002f8       0x58 ./src/HAL/pwm.o
 .debug_aranges
                0x00000350       0x50 ./src/HAL/rcc.o
 .debug_aranges
                0x000003a0       0x40 ./src/HAL/uart.o
 .debug_aranges
                0x000003e0       0x20 ./src/main.o

.debug_pubnames
 *(.debug_pubnames)

.debug_info     0x00000000     0xbcc7
 *(.debug_info .gnu.linkonce.wi.*)
 .debug_info    0x00000000      0xa8e ./system/src/stm32f1xx/stm32f1xx_ll_utils.o
 .debug_info    0x00000a8e      0x9e7 ./system/src/newlib/_exit.o
 .debug_info    0x00001475      0x9d4 ./system/src/newlib/_sbrk.o
 .debug_info    0x00001e49      0x4ae ./system/src/newlib/_startup.o
 .debug_info    0x000022f7      0xab9 ./system/src/newlib/_syscalls.o
 .debug_info    0x00002db0      0xbdb ./system/src/diag/Trace.o
 .debug_info    0x0000398b      0x186 ./system/src/diag/trace_impl.o
 .debug_info    0x00003b11      0x2d6 ./system/src/cortexm/_initialize_hardware.o
 .debug_info    0x00003de7     0x1136 ./system/src/cortexm/exception_handlers.o
 .debug_info    0x00004f1d       0x22 ./system/src/cmsis/startup_stm32f103xb.o
 .debug_info    0x00004f3f      0x406 ./system/src/cmsis/system_stm32f1xx.o
 .debug_info    0x00005345       0xcd ./system/src/cmsis/vectors_stm32f1xx.o
 .debug_info    0x00005412     0x1807 ./src/HAL/adc.o
 .debug_info    0x00006c19      0xae2 ./src/HAL/gpio.o
 .debug_info    0x000076fb     0x2524 ./src/HAL/pwm.o
 .debug_info    0x00009c1f      0x7af ./src/HAL/rcc.o
 .debug_info    0x0000a3ce     0x1508 ./src/HAL/uart.o
 .debug_info    0x0000b8d6      0x3f1 ./src/main.o

.debug_abbrev   0x00000000     0x2352
 *(.debug_abbrev)
 .debug_abbrev  0x00000000      0x2b3 ./system/src/stm32f1xx/stm32f1xx_ll_utils.o
 .debug_abbrev  0x000002b3      0x222 ./system/src/newlib/_exit.o
 .debug_abbrev  0x000004d5      0x232 ./system/src/newlib/_sbrk.o
 .debug_abbrev  0x00000707      0x1b1 ./system/src/newlib/_startup.o
 .debug_abbrev  0x000008b8      0x26d ./system/src/newlib/_syscalls.o
 .debug_abbrev  0x00000b25      0x2c6 ./system/src/diag/Trace.o
 .debug_abbrev  0x00000deb       0xd6 ./system/src/diag/trace_impl.o
 .debug_abbrev  0x00000ec1       0xfc ./system/src/cortexm/_initialize_hardware.o
 .debug_abbrev  0x00000fbd      0x301 ./system/src/cortexm/exception_handlers.o
 .debug_abbrev  0x000012be       0x12 ./system/src/cmsis/startup_stm32f103xb.o
 .debug_abbrev  0x000012d0      0x154 ./system/src/cmsis/system_stm32f1xx.o
 .debug_abbrev  0x00001424       0xa5 ./system/src/cmsis/vectors_stm32f1xx.o
 .debug_abbrev  0x000014c9      0x245 ./src/HAL/adc.o
 .debug_abbrev  0x0000170e      0x2c9 ./src/HAL/gpio.o
 .debug_abbrev  0x000019d7      0x2dc ./src/HAL/pwm.o
 .debug_abbrev  0x00001cb3      0x283 ./src/HAL/rcc.o
 .debug_abbrev  0x00001f36      0x2c6 ./src/HAL/uart.o
 .debug_abbrev  0x000021fc      0x156 ./src/main.o

.debug_line     0x00000000     0x58be
 *(.debug_line)
 .debug_line    0x00000000      0x675 ./system/src/stm32f1xx/stm32f1xx_ll_utils.o
 .debug_line    0x00000675      0x389 ./system/src/newlib/_exit.o
 .debug_line    0x000009fe      0x373 ./system/src/newlib/_sbrk.o
 .debug_line    0x00000d71      0x5f7 ./system/src/newlib/_startup.o
 .debug_line    0x00001368      0x48a ./system/src/newlib/_syscalls.o
 .debug_line    0x000017f2      0x465 ./system/src/diag/Trace.o
 .debug_line    0x00001c57      0x403 ./system/src/diag/trace_impl.o
 .debug_line    0x0000205a      0x199 ./system/src/cortexm/_initialize_hardware.o
 .debug_line    0x000021f3      0x682 ./system/src/cortexm/exception_handlers.o
 .debug_line    0x00002875       0x86 ./system/src/cmsis/startup_stm32f103xb.o
 .debug_line    0x000028fb      0x261 ./system/src/cmsis/system_stm32f1xx.o
 .debug_line    0x00002b5c      0x11e ./system/src/cmsis/vectors_stm32f1xx.o
 .debug_line    0x00002c7a      0xbc3 ./src/HAL/adc.o
 .debug_line    0x0000383d      0x43c ./src/HAL/gpio.o
 .debug_line    0x00003c79      0xd42 ./src/HAL/pwm.o
 .debug_line    0x000049bb      0x485 ./src/HAL/rcc.o
 .debug_line    0x00004e40      0x7d8 ./src/HAL/uart.o
 .debug_line    0x00005618      0x2a6 ./src/main.o

.debug_frame    0x00000000      0xb4c
 *(.debug_frame)
 .debug_frame   0x00000000       0xd4 ./system/src/stm32f1xx/stm32f1xx_ll_utils.o
 .debug_frame   0x000000d4       0x38 ./system/src/newlib/_exit.o
 .debug_frame   0x0000010c       0x28 ./system/src/newlib/_sbrk.o
 .debug_frame   0x00000134       0x7c ./system/src/newlib/_startup.o
 .debug_frame   0x000001b0       0x50 ./system/src/newlib/_syscalls.o
 .debug_frame   0x00000200       0x94 ./system/src/diag/Trace.o
 .debug_frame   0x00000294       0x30 ./system/src/diag/trace_impl.o
 .debug_frame   0x000002c4       0x40 ./system/src/cortexm/_initialize_hardware.o
 .debug_frame   0x00000304      0x144 ./system/src/cortexm/exception_handlers.o
 .debug_frame   0x00000448       0x30 ./system/src/cmsis/system_stm32f1xx.o
 .debug_frame   0x00000478       0x20 ./system/src/cmsis/vectors_stm32f1xx.o
 .debug_frame   0x00000498       0x58 ./src/HAL/adc.o
 .debug_frame   0x000004f0       0x6c ./src/HAL/gpio.o
 .debug_frame   0x0000055c       0xd8 ./src/HAL/pwm.o
 .debug_frame   0x00000634       0xa8 ./src/HAL/rcc.o
 .debug_frame   0x000006dc       0xa4 ./src/HAL/uart.o
 .debug_frame   0x00000780       0x28 ./src/main.o
 .debug_frame   0x000007a8       0x20 c:/program files (x86)/gnu tools arm embedded/9 2019-q4-major/bin/../lib/gcc/arm-none-eabi/9.2.1/../../../../arm-none-eabi/lib/thumb/v7-m/nofp\libg_nano.a(lib_a-errno.o)
 .debug_frame   0x000007c8       0x28 c:/program files (x86)/gnu tools arm embedded/9 2019-q4-major/bin/../lib/gcc/arm-none-eabi/9.2.1/../../../../arm-none-eabi/lib/thumb/v7-m/nofp\libg_nano.a(lib_a-memcpy-stub.o)
 .debug_frame   0x000007f0       0x4c c:/program files (x86)/gnu tools arm embedded/9 2019-q4-major/bin/../lib/gcc/arm-none-eabi/9.2.1/../../../../arm-none-eabi/lib/thumb/v7-m/nofp\libg_nano.a(lib_a-vsnprintf.o)
 .debug_frame   0x0000083c       0x90 c:/program files (x86)/gnu tools arm embedded/9 2019-q4-major/bin/../lib/gcc/arm-none-eabi/9.2.1/../../../../arm-none-eabi/lib/thumb/v7-m/nofp\libg_nano.a(lib_a-nano-svfprintf.o)
 .debug_frame   0x000008cc       0x60 c:/program files (x86)/gnu tools arm embedded/9 2019-q4-major/bin/../lib/gcc/arm-none-eabi/9.2.1/../../../../arm-none-eabi/lib/thumb/v7-m/nofp\libg_nano.a(lib_a-nano-vfprintf_i.o)
 .debug_frame   0x0000092c       0x28 c:/program files (x86)/gnu tools arm embedded/9 2019-q4-major/bin/../lib/gcc/arm-none-eabi/9.2.1/../../../../arm-none-eabi/lib/thumb/v7-m/nofp\libg_nano.a(lib_a-memchr-stub.o)
 .debug_frame   0x00000954       0x28 c:/program files (x86)/gnu tools arm embedded/9 2019-q4-major/bin/../lib/gcc/arm-none-eabi/9.2.1/../../../../arm-none-eabi/lib/thumb/v7-m/nofp\libg_nano.a(lib_a-memmove.o)
 .debug_frame   0x0000097c       0x38 c:/program files (x86)/gnu tools arm embedded/9 2019-q4-major/bin/../lib/gcc/arm-none-eabi/9.2.1/../../../../arm-none-eabi/lib/thumb/v7-m/nofp\libg_nano.a(lib_a-nano-freer.o)
 .debug_frame   0x000009b4       0x30 c:/program files (x86)/gnu tools arm embedded/9 2019-q4-major/bin/../lib/gcc/arm-none-eabi/9.2.1/../../../../arm-none-eabi/lib/thumb/v7-m/nofp\libg_nano.a(lib_a-nano-mallocr.o)
 .debug_frame   0x000009e4       0x3c c:/program files (x86)/gnu tools arm embedded/9 2019-q4-major/bin/../lib/gcc/arm-none-eabi/9.2.1/../../../../arm-none-eabi/lib/thumb/v7-m/nofp\libg_nano.a(lib_a-nano-reallocr.o)
 .debug_frame   0x00000a20       0x2c c:/program files (x86)/gnu tools arm embedded/9 2019-q4-major/bin/../lib/gcc/arm-none-eabi/9.2.1/../../../../arm-none-eabi/lib/thumb/v7-m/nofp\libg_nano.a(lib_a-sbrkr.o)
 .debug_frame   0x00000a4c       0x30 c:/program files (x86)/gnu tools arm embedded/9 2019-q4-major/bin/../lib/gcc/arm-none-eabi/9.2.1/../../../../arm-none-eabi/lib/thumb/v7-m/nofp\libg_nano.a(lib_a-mlock.o)
 .debug_frame   0x00000a7c       0x20 c:/program files (x86)/gnu tools arm embedded/9 2019-q4-major/bin/../lib/gcc/arm-none-eabi/9.2.1/../../../../arm-none-eabi/lib/thumb/v7-m/nofp\libg_nano.a(lib_a-nano-msizer.o)
 .debug_frame   0x00000a9c       0xb0 c:/program files (x86)/gnu tools arm embedded/9 2019-q4-major/bin/../lib/gcc/arm-none-eabi/9.2.1/../../../../arm-none-eabi/lib/thumb/v7-m/nofp\libg_nano.a(lib_a-lock.o)

.debug_str      0x00000000    0x693b0
 *(.debug_str)
 .debug_str     0x00000000    0x55d92 ./system/src/stm32f1xx/stm32f1xx_ll_utils.o
                              0x55ff9 (size before relaxing)
 .debug_str     0x00055d92     0x4efd ./system/src/newlib/_exit.o
                               0x7e8b (size before relaxing)
 .debug_str     0x0005ac8f      0x4f5 ./system/src/newlib/_sbrk.o
                               0x723d (size before relaxing)
 .debug_str     0x0005b184      0x260 ./system/src/newlib/_startup.o
                               0x6978 (size before relaxing)
 .debug_str     0x0005b3e4      0xf90 ./system/src/newlib/_syscalls.o
                               0x822c (size before relaxing)
 .debug_str     0x0005c374      0x826 ./system/src/diag/Trace.o
                               0x8603 (size before relaxing)
 .debug_str     0x0005cb9a      0x34d ./system/src/diag/trace_impl.o
                               0xcb7c (size before relaxing)
 .debug_str     0x0005cee7       0xbc ./system/src/cortexm/_initialize_hardware.o
                               0x8db2 (size before relaxing)
 .debug_str     0x0005cfa3      0x1e5 ./system/src/cortexm/exception_handlers.o
                               0xde40 (size before relaxing)
 .debug_str     0x0005d188       0x38 ./system/src/cmsis/startup_stm32f103xb.o
                                 0x80 (size before relaxing)
 .debug_str     0x0005d1c0       0x5b ./system/src/cmsis/system_stm32f1xx.o
                              0x53f4b (size before relaxing)
 .debug_str     0x0005d21b       0x57 ./system/src/cmsis/vectors_stm32f1xx.o
                               0x3923 (size before relaxing)
 .debug_str     0x0005d272     0x73dd ./src/HAL/adc.o
                              0x5c726 (size before relaxing)
 .debug_str     0x0006464f      0x9c2 ./src/HAL/gpio.o
                              0x56e9f (size before relaxing)
 .debug_str     0x00065011     0x3256 ./src/HAL/pwm.o
                              0x5a42a (size before relaxing)
 .debug_str     0x00068267       0xcf ./src/HAL/rcc.o
                              0x556c3 (size before relaxing)
 .debug_str     0x00068336     0x106c ./src/HAL/uart.o
                              0x56898 (size before relaxing)
 .debug_str     0x000693a2        0xe ./src/main.o
                              0x5abca (size before relaxing)

.debug_loc      0x00000000     0x4375
 *(.debug_loc)
 .debug_loc     0x00000000      0x55c ./system/src/stm32f1xx/stm32f1xx_ll_utils.o
 .debug_loc     0x0000055c       0x15 ./system/src/newlib/_exit.o
 .debug_loc     0x00000571       0x97 ./system/src/newlib/_sbrk.o
 .debug_loc     0x00000608      0x2de ./system/src/newlib/_startup.o
 .debug_loc     0x000008e6       0x6f ./system/src/newlib/_syscalls.o
 .debug_loc     0x00000955      0x118 ./system/src/diag/Trace.o
 .debug_loc     0x00000a6d       0x25 ./system/src/diag/trace_impl.o
 .debug_loc     0x00000a92      0x245 ./system/src/cortexm/exception_handlers.o
 .debug_loc     0x00000cd7       0xff ./system/src/cmsis/system_stm32f1xx.o
 .debug_loc     0x00000dd6     0x13a8 ./src/HAL/adc.o
 .debug_loc     0x0000217e      0x2fd ./src/HAL/gpio.o
 .debug_loc     0x0000247b     0x1467 ./src/HAL/pwm.o
 .debug_loc     0x000038e2      0x1e5 ./src/HAL/rcc.o
 .debug_loc     0x00003ac7      0x8ae ./src/HAL/uart.o

.debug_macinfo
 *(.debug_macinfo)

.debug_weaknames
 *(.debug_weaknames)

.debug_funcnames
 *(.debug_funcnames)

.debug_typenames
 *(.debug_typenames)

.debug_varnames
 *(.debug_varnames)
OUTPUT(MotorDriver.elf elf32-littlearm)

.debug_ranges   0x00000000      0x300
 .debug_ranges  0x00000000       0x50 ./system/src/stm32f1xx/stm32f1xx_ll_utils.o
 .debug_ranges  0x00000050       0x18 ./system/src/newlib/_exit.o
 .debug_ranges  0x00000068       0x10 ./system/src/newlib/_sbrk.o
 .debug_ranges  0x00000078       0x30 ./system/src/newlib/_startup.o
 .debug_ranges  0x000000a8       0x20 ./system/src/newlib/_syscalls.o
 .debug_ranges  0x000000c8       0x28 ./system/src/diag/Trace.o
 .debug_ranges  0x000000f0       0x18 ./system/src/diag/trace_impl.o
 .debug_ranges  0x00000108       0x18 ./system/src/cortexm/_initialize_hardware.o
 .debug_ranges  0x00000120       0x78 ./system/src/cortexm/exception_handlers.o
 .debug_ranges  0x00000198       0x20 ./system/src/cmsis/startup_stm32f103xb.o
 .debug_ranges  0x000001b8       0x18 ./system/src/cmsis/system_stm32f1xx.o
 .debug_ranges  0x000001d0       0x10 ./system/src/cmsis/vectors_stm32f1xx.o
 .debug_ranges  0x000001e0       0x18 ./src/HAL/adc.o
 .debug_ranges  0x000001f8       0x28 ./src/HAL/gpio.o
 .debug_ranges  0x00000220       0x48 ./src/HAL/pwm.o
 .debug_ranges  0x00000268       0x40 ./src/HAL/rcc.o
 .debug_ranges  0x000002a8       0x48 ./src/HAL/uart.o
 .debug_ranges  0x000002f0       0x10 ./src/main.o

.debug_macro    0x00000000    0x145dc
 .debug_macro   0x00000000       0xf4 ./system/src/stm32f1xx/stm32f1xx_ll_utils.o
 .debug_macro   0x000000f4       0x2e ./system/src/stm32f1xx/stm32f1xx_ll_utils.o
 .debug_macro   0x00000122       0x22 ./system/src/stm32f1xx/stm32f1xx_ll_utils.o
 .debug_macro   0x00000144      0x34e ./system/src/stm32f1xx/stm32f1xx_ll_utils.o
 .debug_macro   0x00000492       0x1c ./system/src/stm32f1xx/stm32f1xx_ll_utils.o
 .debug_macro   0x000004ae       0x22 ./system/src/stm32f1xx/stm32f1xx_ll_utils.o
 .debug_macro   0x000004d0       0xc3 ./system/src/stm32f1xx/stm32f1xx_ll_utils.o
 .debug_macro   0x00000593      0xd23 ./system/src/stm32f1xx/stm32f1xx_ll_utils.o
 .debug_macro   0x000012b6     0xe09e ./system/src/stm32f1xx/stm32f1xx_ll_utils.o
 .debug_macro   0x0000f354       0x43 ./system/src/stm32f1xx/stm32f1xx_ll_utils.o
 .debug_macro   0x0000f397      0x2c2 ./system/src/stm32f1xx/stm32f1xx_ll_utils.o
 .debug_macro   0x0000f659       0x2a ./system/src/stm32f1xx/stm32f1xx_ll_utils.o
 .debug_macro   0x0000f683       0x74 ./system/src/stm32f1xx/stm32f1xx_ll_utils.o
 .debug_macro   0x0000f6f7      0x1b4 ./system/src/newlib/_exit.o
 .debug_macro   0x0000f8ab       0x34 ./system/src/newlib/_exit.o
 .debug_macro   0x0000f8df      0x10e ./system/src/newlib/_exit.o
 .debug_macro   0x0000f9ed       0x8d ./system/src/newlib/_exit.o
 .debug_macro   0x0000fa7a       0x43 ./system/src/newlib/_exit.o
 .debug_macro   0x0000fabd      0x339 ./system/src/newlib/_exit.o
 .debug_macro   0x0000fdf6       0x35 ./system/src/newlib/_exit.o
 .debug_macro   0x0000fe2b      0x169 ./system/src/newlib/_sbrk.o
 .debug_macro   0x0000ff94      0x174 ./system/src/newlib/_sbrk.o
 .debug_macro   0x00010108       0x10 ./system/src/newlib/_sbrk.o
 .debug_macro   0x00010118      0x23b ./system/src/newlib/_sbrk.o
 .debug_macro   0x00010353      0x173 ./system/src/newlib/_startup.o
 .debug_macro   0x000104c6      0x226 ./system/src/newlib/_syscalls.o
 .debug_macro   0x000106ec       0x1c ./system/src/newlib/_syscalls.o
 .debug_macro   0x00010708       0x10 ./system/src/newlib/_syscalls.o
 .debug_macro   0x00010718       0x10 ./system/src/newlib/_syscalls.o
 .debug_macro   0x00010728       0x10 ./system/src/newlib/_syscalls.o
 .debug_macro   0x00010738       0x35 ./system/src/newlib/_syscalls.o
 .debug_macro   0x0001076d      0x122 ./system/src/newlib/_syscalls.o
 .debug_macro   0x0001088f       0x88 ./system/src/newlib/_syscalls.o
 .debug_macro   0x00010917       0x7c ./system/src/newlib/_syscalls.o
 .debug_macro   0x00010993       0x17 ./system/src/newlib/_syscalls.o
 .debug_macro   0x000109aa      0x118 ./system/src/newlib/_syscalls.o
 .debug_macro   0x00010ac2      0x189 ./system/src/newlib/_syscalls.o
 .debug_macro   0x00010c4b       0x16 ./system/src/newlib/_syscalls.o
 .debug_macro   0x00010c61      0x1fb ./system/src/diag/Trace.o
 .debug_macro   0x00010e5c       0x16 ./system/src/diag/Trace.o
 .debug_macro   0x00010e72       0x97 ./system/src/diag/Trace.o
 .debug_macro   0x00010f09       0xfd ./system/src/diag/Trace.o
 .debug_macro   0x00011006       0x10 ./system/src/diag/Trace.o
 .debug_macro   0x00011016       0x16 ./system/src/diag/Trace.o
 .debug_macro   0x0001102c      0x16f ./system/src/diag/Trace.o
 .debug_macro   0x0001119b       0x4c ./system/src/diag/Trace.o
 .debug_macro   0x000111e7       0x16 ./system/src/diag/Trace.o
 .debug_macro   0x000111fd      0x1d6 ./system/src/diag/trace_impl.o
 .debug_macro   0x000113d3       0x2b ./system/src/diag/trace_impl.o
 .debug_macro   0x000113fe      0xd15 ./system/src/diag/trace_impl.o
 .debug_macro   0x00012113       0x43 ./system/src/diag/trace_impl.o
 .debug_macro   0x00012156       0x10 ./system/src/diag/trace_impl.o
 .debug_macro   0x00012166       0xcf ./system/src/diag/trace_impl.o
 .debug_macro   0x00012235      0x333 ./system/src/diag/trace_impl.o
 .debug_macro   0x00012568       0xbe ./system/src/diag/trace_impl.o
 .debug_macro   0x00012626       0x78 ./system/src/cortexm/_initialize_hardware.o
 .debug_macro   0x0001269e      0x237 ./system/src/cortexm/exception_handlers.o
 .debug_macro   0x000128d5       0x22 ./system/src/cortexm/exception_handlers.o
 .debug_macro   0x000128f7       0x10 ./system/src/cortexm/exception_handlers.o
 .debug_macro   0x00012907       0x8f ./system/src/cmsis/system_stm32f1xx.o
 .debug_macro   0x00012996       0x34 ./system/src/cmsis/vectors_stm32f1xx.o
 .debug_macro   0x000129ca       0xc7 ./src/HAL/adc.o
 .debug_macro   0x00012a91      0x8a1 ./src/HAL/adc.o
 .debug_macro   0x00013332       0xd7 ./src/HAL/adc.o
 .debug_macro   0x00013409      0x22a ./src/HAL/adc.o
 .debug_macro   0x00013633       0x28 ./src/HAL/adc.o
 .debug_macro   0x0001365b      0x2c8 ./src/HAL/adc.o
 .debug_macro   0x00013923       0xbd ./src/HAL/gpio.o
 .debug_macro   0x000139e0       0x98 ./src/HAL/gpio.o
 .debug_macro   0x00013a78       0x90 ./src/HAL/gpio.o
 .debug_macro   0x00013b08       0xa6 ./src/HAL/gpio.o
 .debug_macro   0x00013bae       0xe3 ./src/HAL/pwm.o
 .debug_macro   0x00013c91      0x550 ./src/HAL/pwm.o
 .debug_macro   0x000141e1       0xa2 ./src/HAL/rcc.o
 .debug_macro   0x00014283       0xb4 ./src/HAL/uart.o
 .debug_macro   0x00014337      0x1a6 ./src/HAL/uart.o
 .debug_macro   0x000144dd       0xff ./src/main.o
